#-----------------------------------------------------------
# Vivado v2014.4 (64-bit)
# SW Build 1071353 on Tue Nov 18 18:24:04 MST 2014
# IP Build 1070531 on Tue Nov 18 01:10:18 MST 2014
# Start of session at: Fri Dec 29 16:52:28 2023
# Process ID: 11180
# Log file: C:/Users/bme317/Desktop/major_assignment/project_1/vivado.log
# Journal file: C:/Users/bme317/Desktop/major_assignment/project_1\vivado.jou
#-----------------------------------------------------------
start_gui
open_project C:/Users/bme317/Desktop/major_assignment/project_1/project_1.xpr
update_compile_order -fileset sources_1
reset_run impl_1 -prev_step 
launch_runs impl_1 -to_step write_bitstream
wait_on_run impl_1
open_run impl_1
reset_run synth_1
reset_run impl_1
launch_runs impl_1
wait_on_run impl_1
reset_run synth_1
launch_runs impl_1
wait_on_run impl_1
reset_run synth_1
launch_runs impl_1
wait_on_run impl_1
reset_run synth_1
launch_runs impl_1
wait_on_run impl_1
reset_run synth_1
launch_runs impl_1
wait_on_run impl_1
reset_run synth_1
launch_runs impl_1
wait_on_run impl_1
refresh_design
reset_run impl_1
launch_runs impl_1
wait_on_run impl_1
refresh_design
reset_run synth_1
launch_runs impl_1
wait_on_run impl_1
reset_run synth_1
launch_runs impl_1
wait_on_run impl_1
reset_run synth_1
launch_runs impl_1
wait_on_run impl_1
reset_run synth_1
launch_runs impl_1
wait_on_run impl_1
reset_run synth_1
launch_runs impl_1
wait_on_run impl_1
refresh_design
reset_run impl_1
launch_runs impl_1
wait_on_run impl_1
refresh_design
reset_run synth_1
launch_runs impl_1
wait_on_run impl_1
refresh_design
